// Jest Snapshot v1, https://goo.gl/fbAQLP

exports[`Pruebas en <AddCategory /> debe mostrar <AddCategory /> correctamente 1`] = `
<form
  onSubmit={[Function]}
>
  <h1 />
  <input
    onChange={[Function]}
    type="text"
    value=""
  />
  <br />
  <br />
  <button
    onClick={[Function]}
  >
    Agregar
  </button>
</form>
`;
